ARM Linker, 4.1 [Build 481] [Evaluation]

==============================================================================

Section Cross References

    main.o(.text) refers to rand.o(.text) for srand
    main.o(.text) refers to oled2864.o(.text) for show
    main.o(.text) refers to tools.o(.text) for Delay_ms
    main.o(.text) refers to idiv.o(.text) for __aeabi_idivmod
    main.o(.text) refers to system_lpc11xx.o(.text) for SystemInit
    main.o(.text) refers to gpio.o(.text) for GPIOInit
    main.o(.text) refers to timer32.o(.text) for init_timer32
    main.o(.text) refers to uart.o(.text) for UARTInit
    main.o(.text) refers to timeflag.o(.text) for InitTimeFlag
    main.o(.text) refers to sensor.o(.text) for InitAllSensor
    main.o(.text) refers to device.o(.text) for InitAllDevice
    main.o(.text) refers to control.o(.text) for InitControl
    main.o(.text) refers to main.o(.bss) for Nu
    main.o(.text) refers to main.o(.data) for B
    menu.o(.text) refers to idiv.o(.text) for __aeabi_idivmod
    menu.o(.text) refers to oled2864.o(.text) for OLED_DisStrLine
    sensor.o(.text) refers to myadc.o(.text) for InitMyAdc
    sensor.o(.text) refers to key.o(.text) for InitKey
    sensor.o(.text) refers to light.o(.text) for InitLight
    sensor.o(.text) refers to acc.o(.text) for InitAxis3
    sensor.o(.text) refers to temp_hum.o(.text) for InitDHT11
    sensor.o(.text) refers to rfid.o(.text) for InitRfid
    sensor.o(.text) refers to memseta.o(.text) for __aeabi_memclr4
    sensor.o(.text) refers to device.o(.text) for ScanBeep
    sensor.o(.text) refers to sensor.o(.bss) for EnvMsg
    sensor.o(.text) refers to timeflag.o(.data) for To10msFlag
    sensor.o(.text) refers to temp_hum.o(.data) for DHT11GetFinishFlag
    sensor.o(.text) refers to light.o(.data) for LightGetFinishFlag
    sensor.o(.text) refers to acc.o(.data) for Axis3GetFinishFlag
    sensor.o(.text) refers to acc.o(.bss) for Axis3
    sensor.o(.text) refers to myadc.o(.data) for AdcGetFinishFlag
    device.o(.text) refers to led_spk_fan.o(.text) for InitFan
    device.o(.text) refers to seg7led.o(.text) for Seg7Led_Init
    device.o(.text) refers to zigbee.o(.text) for InitZigbee
    device.o(.text) refers to oled2864.o(.text) for InitOled
    device.o(.text) refers to device.o(.data) for BeepRingCnt
    zigbee.o(.text) refers to spi_uart.o(.text) for ZigBee_GetChar
    zigbee.o(.text) refers to device.o(.text) for FanCtrl
    zigbee.o(.text) refers to ssp.o(.text) for SPI_IOConfig
    zigbee.o(.text) refers to zigbee.o(.data) for ZigbeeRecvOverFlag
    control.o(.text) refers to zigbee.o(.text) for ZigbeeRecv
    control.o(.text) refers to memseta.o(.text) for __aeabi_memclr4
    control.o(.text) refers to sensor.o(.text) for SyncData
    control.o(.text) refers to memcpya.o(.text) for __aeabi_memcpy
    control.o(.text) refers to oled2864.o(.text) for OLED_ClearScreen
    control.o(.text) refers to idiv.o(.text) for __aeabi_idivmod
    control.o(.text) refers to uidiv.o(.text) for __aeabi_uidivmod
    control.o(.text) refers to dfltui.o(.text) for __aeabi_ui2d
    control.o(.text) refers to dmul.o(.text) for __aeabi_dmul
    control.o(.text) refers to ddiv.o(.text) for __aeabi_ddiv
    control.o(.text) refers to dfixui.o(.text) for __aeabi_d2uiz
    control.o(.text) refers to cfrcmple.o(.text) for __aeabi_cfrcmple
    control.o(.text) refers to f2d.o(.text) for __aeabi_f2d
    control.o(.text) refers to printfa.o(i.__0snprintf) for __2snprintf
    control.o(.text) refers to strlen.o(.text) for strlen
    control.o(.text) refers to zigbee.o(.data) for CmdBuf
    control.o(.text) refers to timeflag.o(.data) for To1SFlag
    control.o(.text) refers to sensor.o(.bss) for EnvMsg
    control.o(.text) refers to control.o(.data) for Goods
    control.o(.text) refers to temp_hum.o(.data) for temperature
    control.o(.text) refers to light.o(.data) for Light
    control.o(.text) refers to myadc.o(.data) for Bat
    control.o(.text) refers to acc.o(.bss) for Axis3
    control.o(.text) refers to menu.o(.text) for Dis_Menu
    control.o(.text) refers to device.o(.data) for DeviceStatus
    control.o(.text) refers to control.o(.bss) for EnvMenu
    control.o(.text) refers to control.o(.constdata) for GoodsTypeBuf
    control.o(.text) refers to rfid.o(.data) for RfidGetFinishFlag
    control.o(.text) refers to key.o(.data) for KeyStatus
    tools.o(.text) refers to tools.o(.data) for fac_us
    timeflag.o(.text) refers to timeflag.o(.data) for To10msFlag
    lpc11c14_it.o(.text) refers to gpio.o(.text) for GPIOIntStatus
    lpc11c14_it.o(.text) refers to spi_uart.o(.text) for ZigBee_IRQ_Process
    lpc11c14_it.o(.text) refers to printfa.o(i.__0printf) for __2printf
    lpc11c14_it.o(.text) refers to lpc11c14_it.o(.data) for gpio0_counter
    lpc11c14_it.o(.text) refers to zigbee.o(.data) for ZigbeeRecvOverFlag
    led_spk_fan.o(.text) refers to gpio.o(.text) for GPIOSetDir
    led_spk_fan.o(.text) refers to timer32.o(.text) for init_timer32
[...]
    printfa.o(i.__0vprintf) refers (Special) to iusefp.o(.text) for __I$use$fp
    printfa.o(i.__0vprintf) refers to printfa.o(i._printf_core) for _printf_core
    printfa.o(i.__0vprintf) refers to fputc.o(i.fputc) for fputc
    printfa.o(i.__0vprintf) refers to stdout.o(.data) for __stdout
    printfa.o(i.__0vsnprintf) refers (Special) to iusefp.o(.text) for __I$use$fp
    printfa.o(i.__0vsnprintf) refers to printfa.o(i._printf_core) for _printf_core
    printfa.o(i.__0vsnprintf) refers to printfa.o(i._snputc) for _snputc
    printfa.o(i.__0vsprintf) refers (Special) to iusefp.o(.text) for __I$use$fp
    printfa.o(i.__0vsprintf) refers to printfa.o(i._printf_core) for _printf_core
    printfa.o(i.__0vsprintf) refers to printfa.o(i._sputc) for _sputc
    printfa.o(i._fp_digits) refers (Special) to iusefp.o(.text) for __I$use$fp
    printfa.o(i._fp_digits) refers to dmul.o(.text) for __aeabi_dmul
    printfa.o(i._fp_digits) refers to ddiv.o(.text) for __aeabi_ddiv
    printfa.o(i._fp_digits) refers to cdrcmple.o(.text) for __aeabi_cdrcmple
    printfa.o(i._fp_digits) refers to dadd.o(.text) for __aeabi_dadd
    printfa.o(i._fp_digits) refers to dfixul.o(.text) for __aeabi_d2ulz
    printfa.o(i._fp_digits) refers to uldiv.o(.text) for __aeabi_uldivmod
    printfa.o(i._printf_core) refers (Special) to iusefp.o(.text) for __I$use$fp
    printfa.o(i._printf_core) refers to printfa.o(i._printf_pre_padding) for _printf_pre_padding
    printfa.o(i._printf_core) refers to printfa.o(i._printf_post_padding) for _printf_post_padding
    printfa.o(i._printf_core) refers to uldiv.o(.text) for __aeabi_uldivmod
    printfa.o(i._printf_core) refers to printfa.o(i._fp_digits) for _fp_digits
    printfa.o(i._printf_core) refers to uidiv.o(.text) for __aeabi_uidivmod
    printfa.o(i._printf_post_padding) refers (Special) to iusefp.o(.text) for __I$use$fp
    printfa.o(i._printf_pre_padding) refers (Special) to iusefp.o(.text) for __I$use$fp
    printfa.o(i._snputc) refers (Special) to iusefp.o(.text) for __I$use$fp
    printfa.o(i._sputc) refers (Special) to iusefp.o(.text) for __I$use$fp
    fmul.o(.text) refers (Special) to iusefp.o(.text) for __I$use$fp
    fdiv.o(.text) refers (Special) to iusefp.o(.text) for __I$use$fp
    fdiv.o(.text) refers to fepilogue.o(.text) for _float_round
    dmul.o(.text) refers (Special) to iusefp.o(.text) for __I$use$fp
    dmul.o(.text) refers to depilogue.o(.text) for _double_epilogue
    ddiv.o(.text) refers (Special) to iusefp.o(.text) for __I$use$fp
    ddiv.o(.text) refers to depilogue.o(.text) for _double_round
    fflti.o(.text) refers (Special) to iusefp.o(.text) for __I$use$fp
    fflti.o(.text) refers to fepilogue.o(.text) for _float_epilogue
    dfltui.o(.text) refers (Special) to iusefp.o(.text) for __I$use$fp
    dfltui.o(.text) refers to depilogue.o(.text) for _double_epilogue
    dfixui.o(.text) refers (Special) to iusefp.o(.text) for __I$use$fp
    dfixui.o(.text) refers to llushr.o(.text) for __aeabi_llsr
    f2d.o(.text) refers (Special) to iusefp.o(.text) for __I$use$fp
    d2f.o(.text) refers (Special) to iusefp.o(.text) for __I$use$fp
    d2f.o(.text) refers to fepilogue.o(.text) for _float_round
    cfrcmple.o(.text) refers (Special) to iusefp.o(.text) for __I$use$fp
    dunder.o(i.__mathlib_dbl_underflow) refers to dscalb.o(.text) for scalbn
    fpclassify.o(i.__ARM_fpclassify) refers (Special) to iusefp.o(.text) for __I$use$fp
    poly.o(i.__kernel_poly) refers (Special) to iusefp.o(.text) for __I$use$fp
    poly.o(i.__kernel_poly) refers to dmul.o(.text) for __aeabi_dmul
    poly.o(i.__kernel_poly) refers to dadd.o(.text) for __aeabi_dadd
    sqrt.o(i.__softfp_sqrt) refers (Special) to iusefp.o(.text) for __I$use$fp
    sqrt.o(i.__softfp_sqrt) refers to dsqrt.o(.text) for _dsqrt
    sqrt.o(i.__softfp_sqrt) refers to errno.o(i.__set_errno) for __set_errno
    sqrt.o(i.sqrt) refers (Special) to iusefp.o(.text) for __I$use$fp
    sqrt.o(i.sqrt) refers to dsqrt.o(.text) for _dsqrt
    sqrt.o(i.sqrt) refers to errno.o(i.__set_errno) for __set_errno
    sqrt_x.o(i.____softfp_sqrt$lsc) refers (Special) to iusefp.o(.text) for __I$use$fp
    sqrt_x.o(i.____softfp_sqrt$lsc) refers to cdcmple.o(.text) for __aeabi_cdcmple
    sqrt_x.o(i.____softfp_sqrt$lsc) refers to errno.o(i.__set_errno) for __set_errno
    sqrt_x.o(i.____softfp_sqrt$lsc) refers to dsqrt.o(.text) for _dsqrt
    sqrt_x.o(i.__sqrt$lsc) refers (Special) to iusefp.o(.text) for __I$use$fp
    sqrt_x.o(i.__sqrt$lsc) refers to cdcmple.o(.text) for __aeabi_cdcmple
    sqrt_x.o(i.__sqrt$lsc) refers to errno.o(i.__set_errno) for __set_errno
    sqrt_x.o(i.__sqrt$lsc) refers to dsqrt.o(.text) for _dsqrt
    entry2.o(.ARM.Collect$$$$00000001) refers to entry2.o(.ARM.Collect$$$$00002712) for __lit__00000000
    entry2.o(.ARM.Collect$$$$00002712) refers to startup_lpc11xx.o(STACK) for __initial_sp
    entry2.o(__vectab_stack_and_reset_area) refers to startup_lpc11xx.o(STACK) for __initial_sp
    entry2.o(__vectab_stack_and_reset_area) refers to entry.o(.ARM.Collect$$$$00000000) for __main
    entry5.o(.ARM.Collect$$$$00000004) refers to init.o(.text) for __scatterload
    entry7.o(.ARM.Collect$$$$00000007) refers to main.o(.text) for main
    fputc.o(i.fputc) refers (Special) to iusesemip.o(.text) for __I$use$semihosting$fputc
    uldiv.o(.text) refers to llushr.o(.text) for __aeabi_llsr
    uldiv.o(.text) refers to llshl.o(.text) for __aeabi_llsl
    errno.o(i.__aeabi_errno_addr) refers to errno.o(.data) for .data
    errno.o(i.__read_errno) refers to errno.o(.data) for .data
    errno.o(i.__set_errno) refers to errno.o(.data) for .data
    depilogue.o(.text) refers to depilogue.o(i.__ARM_clz) for __ARM_clz
    depilogue.o(.text) refers to llshl.o(.text) for __aeabi_llsl
    depilogue.o(.text) refers to llushr.o(.text) for __aeabi_llsr
    dadd.o(.text) refers to llshl.o(.text) for __aeabi_llsl
    dadd.o(.text) refers to llsshr.o(.text) for __aeabi_lasr
    dadd.o(.text) refers to depilogue.o(.text) for _double_epilogue
    dfixul.o(.text) refers to llushr.o(.text) for __aeabi_llsr
    dfixul.o(.text) refers to llshl.o(.text) for __aeabi_llsl
    init.o(.text) refers to entry5.o(.ARM.Collect$$$$00000004) for __main_after_scatterload
    dsqrt.o(.text) refers to llushr.o(.text) for __aeabi_llsr
    dsqrt.o(.text) refers to depilogue.o(.text) for _double_round


==============================================================================

Removing Unused input sections from the image.

    Removing main.o(.constdata), (16 bytes).
    Removing device.o(.constdata), (16 bytes).
    Removing zigbee.o(.constdata), (16 bytes).
    Removing lpc11c14_it.o(.constdata), (16 bytes).
    Removing led_spk_fan.o(.constdata), (16 bytes).
    Removing key.o(.constdata), (16 bytes).
    Removing temp_hum.o(.constdata), (16 bytes).
    Removing rfid.o(.constdata), (84 bytes).
    Removing spi_uart.o(.constdata), (16 bytes).
    Removing startup_lpc11xx.o(HEAP), (0 bytes).
    Removing core_cm0.o(.emb_text), (32 bytes).
    Removing clkconfig.o(.text), (120 bytes).
    Removing ssp.o(.bss), (32 bytes).
    Removing ssp.o(.constdata), (16 bytes).
    Removing adc.o(.data), (8 bytes).
    Removing cdcmple.o(.text), (40 bytes).

16 unused section(s) (total 460 bytes) removed from the image.

==============================================================================

Image Symbol Table

    Local Symbols

    Symbol Name                              Value     Ov Type        Size  Object(Section)

    RESET                                    0x00000000   Section      192  startup_lpc11xx.o(RESET)
    ../../../cmprslib/zerorunl2.c            0x00000000   Number         0  __dczerorl2.o ABSOLUTE
    ../../asin.c                             0x00000000   Number         0  asin.o ABSOLUTE
    ../../asin.c                             0x00000000   Number         0  asin_x.o ABSOLUTE
    ../../dunder.c                           0x00000000   Number         0  dunder.o ABSOLUTE
    ../../fpclassify.c                       0x00000000   Number         0  fpclassify.o ABSOLUTE
    ../../microlib/d2f.c                     0x00000000   Number         0  d2f.o ABSOLUTE
    ../../microlib/division.c                0x00000000   Number         0  idiv.o ABSOLUTE
    ../../microlib/division.c                0x00000000   Number         0  uidiv.o ABSOLUTE
    ../../microlib/division.c                0x00000000   Number         0  uldiv.o ABSOLUTE
    ../../microlib/errno.c                   0x00000000   Number         0  errno.o ABSOLUTE
    ../../microlib/f2d.c                     0x00000000   Number         0  f2d.o ABSOLUTE
    ../../microlib/fpadd.c                   0x00000000   Number         0  dadd.o ABSOLUTE
    ../../microlib/fpdiv.c                   0x00000000   Number         0  ddiv.o ABSOLUTE
    ../../microlib/fpdiv.c                   0x00000000   Number         0  fdiv.o ABSOLUTE
    ../../microlib/fpepilogue.c              0x00000000   Number         0  fepilogue.o ABSOLUTE
    ../../microlib/fpepilogue.c              0x00000000   Number         0  depilogue.o ABSOLUTE
    ../../microlib/fpfix.c                   0x00000000   Number         0  dfixui.o ABSOLUTE
    ../../microlib/fpfix.c                   0x00000000   Number         0  dfixul.o ABSOLUTE
    ../../microlib/fpflt.c                   0x00000000   Number         0  dfltui.o ABSOLUTE
    ../../microlib/fpflt.c                   0x00000000   Number         0  fflti.o ABSOLUTE
    ../../microlib/fpmul.c                   0x00000000   Number         0  fmul.o ABSOLUTE
    ../../microlib/fpmul.c                   0x00000000   Number         0  dmul.o ABSOLUTE
    ../../microlib/fpscalb.c                 0x00000000   Number         0  dscalb.o ABSOLUTE
    ../../microlib/fpsqrt.c                  0x00000000   Number         0  dsqrt.o ABSOLUTE
    ../../microlib/init/entry.s              0x00000000   Number         0  entry7.o ABSOLUTE
    ../../microlib/init/entry.s              0x00000000   Number         0  entry5.o ABSOLUTE
    ../../microlib/init/entry.s              0x00000000   Number         0  entry2.o ABSOLUTE
    ../../microlib/init/entry.s              0x00000000   Number         0  entry.o ABSOLUTE
    ../../microlib/longlong.c                0x00000000   Number         0  llshl.o ABSOLUTE
    ../../microlib/longlong.c                0x00000000   Number         0  llushr.o ABSOLUTE
    ../../microlib/longlong.c                0x00000000   Number         0  llsshr.o ABSOLUTE
    ../../microlib/printf/printf.c           0x00000000   Number         0  printf5.o ABSOLUTE
    ../../microlib/printf/printf.c           0x00000000   Number         0  printfa.o ABSOLUTE
    ../../microlib/printf/printf.c           0x00000000   Number         0  printf4.o ABSOLUTE
    ../../microlib/printf/printf.c           0x00000000   Number         0  printf2.o ABSOLUTE
    ../../microlib/printf/printf.c           0x00000000   Number         0  printf1.o ABSOLUTE
    ../../microlib/printf/printf.c           0x00000000   Number         0  printf0.o ABSOLUTE
    ../../microlib/printf/printf.c           0x00000000   Number         0  printfb.o ABSOLUTE
    ../../microlib/printf/printf.c           0x00000000   Number         0  printf3.o ABSOLUTE
    ../../microlib/printf/printf.c           0x00000000   Number         0  printf7.o ABSOLUTE
    ../../microlib/printf/printf.c           0x00000000   Number         0  printf6.o ABSOLUTE
    ../../microlib/printf/printf.c           0x00000000   Number         0  printf8.o ABSOLUTE
    ../../microlib/printf/stubs.s            0x00000000   Number         0  stubs.o ABSOLUTE
    ../../microlib/stdio/fputc.c             0x00000000   Number         0  fputc.o ABSOLUTE
    ../../microlib/stdio/streams.c           0x00000000   Number         0  stdout.o ABSOLUTE
    ../../microlib/stdlib/rand.c             0x00000000   Number         0  rand.o ABSOLUTE
    ../../microlib/string/memcpy.c           0x00000000   Number         0  memcpya.o ABSOLUTE
    ../../microlib/string/memcpy.c           0x00000000   Number         0  memcpyb.o ABSOLUTE
    ../../microlib/string/memset.c           0x00000000   Number         0  memseta.o ABSOLUTE
    ../../microlib/string/strlen.c           0x00000000   Number         0  strlen.o ABSOLUTE
    ../../microlib/stubs.s                   0x00000000   Number         0  iusesemip.o ABSOLUTE
    ../../microlib/stubs.s                   0x00000000   Number         0  iusefp.o ABSOLUTE
    ../../poly.c                             0x00000000   Number         0  poly.o ABSOLUTE
    ../../sqrt.c                             0x00000000   Number         0  sqrt.o ABSOLUTE
    ../../sqrt.c                             0x00000000   Number         0  sqrt_x.o ABSOLUTE
    ..\Lib_BSP\src\acc.c                     0x00000000   Number         0  acc.o ABSOLUTE
    ..\Lib_BSP\src\key.c                     0x00000000   Number         0  key.o ABSOLUTE
    ..\Lib_BSP\src\light.c                   0x00000000   Number         0  light.o ABSOLUTE
    ..\Lib_BSP\src\myadc.c                   0x00000000   Number         0  myadc.o ABSOLUTE
    ..\Lib_BSP\src\oled2864.c                0x00000000   Number         0  oled2864.o ABSOLUTE
    ..\Lib_BSP\src\rfid.c                    0x00000000   Number         0  rfid.o ABSOLUTE
    ..\Lib_BSP\src\seg7led.c                 0x00000000   Number         0  seg7led.o ABSOLUTE
    ..\Lib_BSP\src\spi_uart.c                0x00000000   Number         0  spi_uart.o ABSOLUTE
    ..\Lib_BSP\src\temp_hum.c                0x00000000   Number         0  temp_hum.o ABSOLUTE
    ..\Lib_BSP\src\tools.c                   0x00000000   Number         0  tools.o ABSOLUTE
    ..\Lib_MCU\src\adc.c                     0x00000000   Number         0  adc.o ABSOLUTE
    ..\Lib_MCU\src\clkconfig.c               0x00000000   Number         0  clkconfig.o ABSOLUTE
    ..\Lib_MCU\src\core_cm0.c                0x00000000   Number         0  core_cm0.o ABSOLUTE
    ..\Lib_MCU\src\gpio.c                    0x00000000   Number         0  gpio.o ABSOLUTE
    ..\Lib_MCU\src\i2c.c                     0x00000000   Number         0  i2c.o ABSOLUTE
    ..\Lib_MCU\src\ssp.c                     0x00000000   Number         0  ssp.o ABSOLUTE
    ..\Lib_MCU\src\startup_LPC11xx.s         0x00000000   Number         0  startup_lpc11xx.o ABSOLUTE
    ..\Lib_MCU\src\system_LPC11xx.c          0x00000000   Number         0  system_lpc11xx.o ABSOLUTE
    ..\Lib_MCU\src\timer16.c                 0x00000000   Number         0  timer16.o ABSOLUTE
    ..\Lib_MCU\src\timer32.c                 0x00000000   Number         0  timer32.o ABSOLUTE
    ..\Lib_MCU\src\uart.c                    0x00000000   Number         0  uart.o ABSOLUTE
    ..\\Lib_MCU\\src\\core_cm0.c             0x00000000   Number         0  core_cm0.o ABSOLUTE
    cdcmple.s                                0x00000000   Number         0  cdcmple.o ABSOLUTE
    cdrcmple.s                               0x00000000   Number         0  cdrcmple.o ABSOLUTE
    cfrcmple.s                               0x00000000   Number         0  cfrcmple.o ABSOLUTE
    dc.s                                     0x00000000   Number         0  dc.o ABSOLUTE
    handlers.s                               0x00000000   Number         0  handlers.o ABSOLUTE
    init.s                                   0x00000000   Number         0  init.o ABSOLUTE
    src\control.c                            0x00000000   Number         0  control.o ABSOLUTE
    src\device.c                             0x00000000   Number         0  device.o ABSOLUTE
    src\led_spk_fan.c                        0x00000000   Number         0  led_spk_fan.o ABSOLUTE
    src\lpc11c14_it.c                        0x00000000   Number         0  lpc11c14_it.o ABSOLUTE
    src\main.c                               0x00000000   Number         0  main.o ABSOLUTE
    src\menu.c                               0x00000000   Number         0  menu.o ABSOLUTE
    src\sensor.c                             0x00000000   Number         0  sensor.o ABSOLUTE
    src\timeflag.c                           0x00000000   Number         0  timeflag.o ABSOLUTE
    src\zigbee.c                             0x00000000   Number         0  zigbee.o ABSOLUTE
    .ARM.Collect$$$$00000000                 0x000000c0   Section        0  entry.o(.ARM.Collect$$$$00000000)
    .ARM.Collect$$$$00000001                 0x000000c0   Section        4  entry2.o(.ARM.Collect$$$$00000001)
    .ARM.Collect$$$$00000004                 0x000000c4   Section        4  entry5.o(.ARM.Collect$$$$00000004)
    .ARM.Collect$$$$00000007                 0x000000c8   Section        8  entry7.o(.ARM.Collect$$$$00000007)
    .ARM.Collect$$$$00002712                 0x000000d0   Section        4  entry2.o(.ARM.Collect$$$$00002712)
    __lit__00000000                          0x000000d0   Data           4  entry2.o(.ARM.Collect$$$$00002712)
    .text                                    0x000000d4   Section        0  menu.o(.text)
    .text                                    0x000001a4   Section        0  sensor.o(.text)
    .text                                    0x000002b8   Section       28  startup_lpc11xx.o(.text)
    .text                                    0x000002d4   Section        0  idiv.o(.text)
    .ARM.__at_0x02FC                         0x000002fc   Section        4  startup_lpc11xx.o(.ARM.__at_0x02FC)
    .text                                    0x00000300   Section        0  main.o(.text)
    NVIC_SetPriority                         0x00000301   Thumb Code   110  main.o(.text)
    .text                                    0x00000570   Section        0  device.o(.text)
    .text                                    0x00000740   Section        0  zigbee.o(.text)
    .text                                    0x00000824   Section        0  control.o(.text)
    .text                                    0x000014ac   Section        0  tools.o(.text)
    .text                                    0x00001564   Section        0  timeflag.o(.text)
    .text                                    0x00001628   Section        0  lpc11c14_it.o(.text)
    .text                                    0x00001724   Section        0  led_spk_fan.o(.text)
    NVIC_SetPriority                         0x00001725   Thumb Code   110  led_spk_fan.o(.text)
    .text                                    0x00001980   Section        0  key.o(.text)
    .text                                    0x00001b7c   Section        0  seg7led.o(.text)
    .text                                    0x00001c0c   Section        0  oled2864.o(.text)
    .text                                    0x00002580   Section        0  temp_hum.o(.text)
    .text                                    0x00002770   Section        0  light.o(.text)
    readCommandReg                           0x00002771   Thumb Code    32  light.o(.text)
    readControlReg                           0x00002791   Thumb Code    32  light.o(.text)
    .text                                    0x00002a94   Section        0  acc.o(.text)
    getStatus                                0x00002a95   Thumb Code    32  acc.o(.text)
    getModeControl                           0x00002ab5   Thumb Code    32  acc.o(.text)
    setModeControl                           0x00002ad5   Thumb Code    24  acc.o(.text)
    .text                                    0x00003014   Section        0  rfid.o(.text)
    SPI0_Send                                0x00003035   Thumb Code   100  rfid.o(.text)
    .text                                    0x00003210   Section        0  spi_uart.o(.text)
    .text                                    0x000034e8   Section        0  myadc.o(.text)
    .text                                    0x00003588   Section        0  system_lpc11xx.o(.text)
    .text                                    0x00003668   Section        0  gpio.o(.text)
    NVIC_EnableIRQ                           0x00003a2b   Thumb Code    14  gpio.o(.text)
    .text                                    0x00003a54   Section        0  timer32.o(.text)
    NVIC_EnableIRQ                           0x00003e9b   Thumb Code    14  timer32.o(.text)
    .text                                    0x00003eb0   Section        0  ssp.o(.text)
    NVIC_EnableIRQ                           0x00004433   Thumb Code    14  ssp.o(.text)
    .text                                    0x0000444c   Section        0  i2c.o(.text)
    .text                                    0x00004754   Section        0  adc.o(.text)
    .text                                    0x00004918   Section        0  timer16.o(.text)
    NVIC_EnableIRQ                           0x00004cfb   Thumb Code    66  timer16.o(.text)
    .text                                    0x00004d3c   Section        0  uart.o(.text)
    .text                                    0x00004f84   Section        0  uidiv.o(.text)
    .text                                    0x00004fb0   Section        0  rand.o(.text)
    .text                                    0x00004fd4   Section        0  memcpya.o(.text)
    .text                                    0x00004ff8   Section        0  memseta.o(.text)
    .text                                    0x0000501e   Section        0  strlen.o(.text)
    .text                                    0x0000502e   Section        0  fmul.o(.text)
    .text                                    0x000050a8   Section        0  fdiv.o(.text)
    .text                                    0x00005128   Section        0  dmul.o(.text)
    .text                                    0x000051f4   Section        0  ddiv.o(.text)
    .text                                    0x000052e4   Section        0  fflti.o(.text)
    .text                                    0x000052fc   Section        0  dfltui.o(.text)
    .text                                    0x00005318   Section        0  dfixui.o(.text)
    .text                                    0x00005350   Section        0  f2d.o(.text)
    .text                                    0x0000537e   Section        0  d2f.o(.text)
    .text                                    0x000053b8   Section       20  cfrcmple.o(.text)
    .text                                    0x000053cc   Section        0  uldiv.o(.text)
    .text                                    0x0000542c   Section        0  llushr.o(.text)
    .text                                    0x0000544e   Section        0  fepilogue.o(.text)
    .text                                    0x0000544e   Section        0  iusefp.o(.text)
    .text                                    0x000054d2   Section        0  depilogue.o(.text)
    .text                                    0x00005598   Section        0  dadd.o(.text)
    .text                                    0x000056fc   Section        0  dscalb.o(.text)
    .text                                    0x00005728   Section        0  dfixul.o(.text)
    .text                                    0x00005768   Section       40  cdrcmple.o(.text)
    .text                                    0x00005790   Section       36  init.o(.text)
    .text                                    0x000057b4   Section        0  llshl.o(.text)
    .text                                    0x000057d4   Section        0  llsshr.o(.text)
    .text                                    0x000057fa   Section        0  iusesemip.o(.text)
    .text                                    0x000057fa   Section        0  dsqrt.o(.text)
    .text                                    0x0000589a   Section        0  __dczerorl2.o(.text)
    i.__0printf                              0x000058f0   Section        0  printfa.o(i.__0printf)
    i.__0snprintf                            0x00005910   Section        0  printfa.o(i.__0snprintf)
    i.__0vsnprintf                           0x0000593c   Section        0  printfa.o(i.__0vsnprintf)
    i.__ARM_clz                              0x00005960   Section        0  depilogue.o(i.__ARM_clz)
    i.__ARM_common_switch8                   0x0000598e   Section        0  i2c.o(i.__ARM_common_switch8)
    i.__ARM_fpclassify                       0x000059a8   Section        0  fpclassify.o(i.__ARM_fpclassify)
    i.__kernel_poly                          0x000059d4   Section        0  poly.o(i.__kernel_poly)
    i.__mathlib_dbl_underflow                0x00005a80   Section        0  dunder.o(i.__mathlib_dbl_underflow)
    i.__scatterload_copy                     0x00005a94   Section       14  handlers.o(i.__scatterload_copy)
    i.__scatterload_null                     0x00005aa2   Section        2  handlers.o(i.__scatterload_null)
    i.__scatterload_zeroinit                 0x00005aa4   Section       14  handlers.o(i.__scatterload_zeroinit)
    i.__set_errno                            0x00005ab4   Section        0  errno.o(i.__set_errno)
    i._fp_digits                             0x00005ac0   Section        0  printfa.o(i._fp_digits)
    _fp_digits                               0x00005ac1   Thumb Code   312  printfa.o(i._fp_digits)
    i._printf_core                           0x00005c14   Section        0  printfa.o(i._printf_core)
    _printf_core                             0x00005c15   Thumb Code  1774  printfa.o(i._printf_core)
    i._printf_post_padding                   0x00006314   Section        0  printfa.o(i._printf_post_padding)
    _printf_post_padding                     0x00006315   Thumb Code    32  printfa.o(i._printf_post_padding)
    i._printf_pre_padding                    0x00006334   Section        0  printfa.o(i._printf_pre_padding)
    _printf_pre_padding                      0x00006335   Thumb Code    42  printfa.o(i._printf_pre_padding)
    i._snputc                                0x0000635e   Section        0  printfa.o(i._snputc)
    _snputc                                  0x0000635f   Thumb Code    22  printfa.o(i._snputc)
    i.asin                                   0x00006374   Section        0  asin.o(i.asin)
    i.fputc                                  0x000065ec   Section        0  fputc.o(i.fputc)
    i.sqrt                                   0x00006600   Section        0  sqrt.o(i.sqrt)
    .constdata                               0x00006644   Section      112  control.o(.constdata)
    .constdata                               0x000066b4   Section       48  seg7led.o(.constdata)
    LPC_GPIO                                 0x000066b4   Data          16  seg7led.o(.constdata)
    .constdata                               0x000066e4   Section     1948  oled2864.o(.constdata)
    LPC_GPIO                                 0x000066e4   Data          16  oled2864.o(.constdata)
    .constdata                               0x00006e80   Section       16  gpio.o(.constdata)
    LPC_GPIO                                 0x00006e80   Data          16  gpio.o(.constdata)
    .constdata                               0x00006e90   Section       80  asin.o(.constdata)
    pS                                       0x00006e90   Data          48  asin.o(.constdata)
    qS                                       0x00006ec0   Data          32  asin.o(.constdata)
    .data                                    0x10000000   Section     1556  main.o(.data)
    .data                                    0x10000614   Section        2  device.o(.data)
    .data                                    0x10000616   Section        3  zigbee.o(.data)
    .data                                    0x1000061c   Section      338  control.o(.data)
    rfiddealflag                             0x10000760   Data           1  control.o(.data)
    keydealopt                               0x10000761   Data           1  control.o(.data)
    .data                                    0x1000076e   Section        4  tools.o(.data)
    fac_us                                   0x1000076e   Data           1  tools.o(.data)
    fac_ms                                   0x10000770   Data           2  tools.o(.data)
    .data                                    0x10000772   Section        6  timeflag.o(.data)
    .data                                    0x10000778   Section       40  lpc11c14_it.o(.data)
    .data                                    0x100007a0   Section        6  led_spk_fan.o(.data)
    FanSpeedPwmCnt                           0x100007a0   Data           2  led_spk_fan.o(.data)
    bzzerPwmCnt                              0x100007a2   Data           2  led_spk_fan.o(.data)
    .data                                    0x100007a6   Section       13  key.o(.data)
    keyfiltercnt                             0x100007a6   Data           6  key.o(.data)
    keyupdateflag                            0x100007ac   Data           6  key.o(.data)
    .data                                    0x100007b3   Section        6  temp_hum.o(.data)
    runcnt                                   0x100007b3   Data           1  temp_hum.o(.data)
    .data                                    0x100007bc   Section       17  light.o(.data)
    range                                    0x100007bc   Data           4  light.o(.data)
    width                                    0x100007c0   Data           4  light.o(.data)
    LightFilterCnt                           0x100007c4   Data           1  light.o(.data)
    .data                                    0x100007ce   Section        9  acc.o(.data)
    AccFilterCnt                             0x100007ce   Data           1  acc.o(.data)
    xsum                                     0x100007d0   Data           2  acc.o(.data)
    ysum                                     0x100007d2   Data           2  acc.o(.data)
    zsum                                     0x100007d4   Data           2  acc.o(.data)
    .data                                    0x100007d7   Section        3  rfid.o(.data)
    rfidfiltercnt                            0x100007d7   Data           1  rfid.o(.data)
    rfidstatus                               0x100007d8   Data           1  rfid.o(.data)
    .data                                    0x100007da   Section        8  spi_uart.o(.data)
    .data                                    0x100007e4   Section       21  myadc.o(.data)
    AdcFilterCnt                             0x100007e4   Data           1  myadc.o(.data)
    adcsum                                   0x100007e8   Data           4  myadc.o(.data)
    batsum                                   0x100007ec   Data           4  myadc.o(.data)
    .data                                    0x100007fc   Section       12  system_lpc11xx.o(.data)
    .data                                    0x10000808   Section       24  timer32.o(.data)
    .data                                    0x10000820   Section       24  ssp.o(.data)
    .data                                    0x10000838   Section       41  i2c.o(.data)
    I2CMasterState                           0x10000838   Data           4  i2c.o(.data)
    I2CSlaveState                            0x1000083c   Data           4  i2c.o(.data)
    I2CCount                                 0x10000840   Data           4  i2c.o(.data)
    RdIndex                                  0x10000844   Data           4  i2c.o(.data)
    WrIndex                                  0x10000848   Data           4  i2c.o(.data)
    I2CMode                                  0x1000084c   Data           4  i2c.o(.data)
    I2CMasterBuffer                          0x10000850   Data           4  i2c.o(.data)
    I2CSlaveBuffer                           0x10000854   Data           4  i2c.o(.data)
    I2CReadLength                            0x10000858   Data           4  i2c.o(.data)
    I2CWriteLength                           0x1000085c   Data           4  i2c.o(.data)
    I2CAddr                                  0x10000860   Data           1  i2c.o(.data)
    .data                                    0x10000864   Section       24  timer16.o(.data)
    .data                                    0x1000087c   Section       16  uart.o(.data)
    .data                                    0x1000088c   Section        4  rand.o(.data)
    _rand_state                              0x1000088c   Data           4  rand.o(.data)
    .data                                    0x10000890   Section        4  stdout.o(.data)
    .data                                    0x10000894   Section        4  errno.o(.data)
    _errno                                   0x10000894   Data           4  errno.o(.data)
    .bss                                     0x10000898   Section      200  main.o(.bss)
    .bss                                     0x10000960   Section       24  sensor.o(.bss)
    .bss                                     0x10000978   Section      280  control.o(.bss)
    .bss                                     0x10000a90   Section       36  acc.o(.bss)
    .bss                                     0x10000ab4   Section      256  spi_uart.o(.bss)
    .bss                                     0x10000bb4   Section       32  adc.o(.bss)
    .bss                                     0x10000bd4   Section       64  uart.o(.bss)
    STACK                                    0x10000c18   Section      512  startup_lpc11xx.o(STACK)

    Global Symbols

    Symbol Name                              Value     Ov Type        Size  Object(Section)

    BuildAttributes$$THM_ISAv3M$S$PE$A:L22$X:L11$S22$IEEE1$IW$USESV6$~STKCKD$USESV7$~SHL$OTIME$ROPI$IEEEX$EBA8$MICROLIB$REQ8$PRES8$EABIv2 0x00000000   Number         0  anon$$obj.o ABSOLUTE
    __ARM_use_no_argv                        0x00000000   Number         0  main.o ABSOLUTE
    __Vectors                                0x00000000   Data           4  startup_lpc11xx.o(RESET)
    _printf_a                                0x00000000   Number         0  stubs.o ABSOLUTE
    _printf_c                                0x00000000   Number         0  stubs.o ABSOLUTE
    _printf_charcount                        0x00000000   Number         0  stubs.o ABSOLUTE
    _printf_d                                0x00000000   Number         0  stubs.o ABSOLUTE
    _printf_e                                0x00000000   Number         0  stubs.o ABSOLUTE
    _printf_f                                0x00000000   Number         0  stubs.o ABSOLUTE
    _printf_flags                            0x00000000   Number         0  stubs.o ABSOLUTE
    _printf_fp_dec                           0x00000000   Number         0  stubs.o ABSOLUTE
    _printf_fp_hex                           0x00000000   Number         0  stubs.o ABSOLUTE
    _printf_g                                0x00000000   Number         0  stubs.o ABSOLUTE
    _printf_i                                0x00000000   Number         0  stubs.o ABSOLUTE
    _printf_int_dec                          0x00000000   Number         0  stubs.o ABSOLUTE
    _printf_l                                0x00000000   Number         0  stubs.o ABSOLUTE
    _printf_lc                               0x00000000   Number         0  stubs.o ABSOLUTE
    _printf_ll                               0x00000000   Number         0  stubs.o ABSOLUTE
    _printf_lld                              0x00000000   Number         0  stubs.o ABSOLUTE
    _printf_lli                              0x00000000   Number         0  stubs.o ABSOLUTE
    _printf_llo                              0x00000000   Number         0  stubs.o ABSOLUTE
    _printf_llu                              0x00000000   Number         0  stubs.o ABSOLUTE
    _printf_llx                              0x00000000   Number         0  stubs.o ABSOLUTE
    _printf_longlong_dec                     0x00000000   Number         0  stubs.o ABSOLUTE
    _printf_longlong_hex                     0x00000000   Number         0  stubs.o ABSOLUTE
    _printf_longlong_oct                     0x00000000   Number         0  stubs.o ABSOLUTE
    _printf_ls                               0x00000000   Number         0  stubs.o ABSOLUTE
    _printf_mbtowc                           0x00000000   Number         0  stubs.o ABSOLUTE
    _printf_n                                0x00000000   Number         0  stubs.o ABSOLUTE
    _printf_o                                0x00000000   Number         0  stubs.o ABSOLUTE
    _printf_p                                0x00000000   Number         0  stubs.o ABSOLUTE
    _printf_percent                          0x00000000   Number         0  stubs.o ABSOLUTE
    _printf_pre_padding                      0x00000000   Number         0  stubs.o ABSOLUTE
    _printf_return_value                     0x00000000   Number         0  stubs.o ABSOLUTE
    _printf_s                                0x00000000   Number         0  stubs.o ABSOLUTE
    _printf_sizespec                         0x00000000   Number         0  stubs.o ABSOLUTE
    _printf_str                              0x00000000   Number         0  stubs.o ABSOLUTE
    _printf_truncate_signed                  0x00000000   Number         0  stubs.o ABSOLUTE
    _printf_truncate_unsigned                0x00000000   Number         0  stubs.o ABSOLUTE
    _printf_u                                0x00000000   Number         0  stubs.o ABSOLUTE
    _printf_wc                               0x00000000   Number         0  stubs.o ABSOLUTE
    _printf_wctomb                           0x00000000   Number         0  stubs.o ABSOLUTE
    _printf_widthprec                        0x00000000   Number         0  stubs.o ABSOLUTE
    _printf_x                                0x00000000   Number         0  stubs.o ABSOLUTE
    __main                                   0x000000c1   Thumb Code     0  entry.o(.ARM.Collect$$$$00000000)
    _main_stk                                0x000000c1   Thumb Code     0  entry2.o(.ARM.Collect$$$$00000001)
    _main_scatterload                        0x000000c5   Thumb Code     0  entry5.o(.ARM.Collect$$$$00000004)
    __main_after_scatterload                 0x000000c9   Thumb Code     0  entry5.o(.ARM.Collect$$$$00000004)
    _main_init                               0x000000c9   Thumb Code     0  entry7.o(.ARM.Collect$$$$00000007)
    Dis_Menu                                 0x000000d5   Thumb Code   206  menu.o(.text)
    InitAllSensor                            0x000001a5   Thumb Code    36  sensor.o(.text)
    ScanAllSensor                            0x000001c9   Thumb Code    36  sensor.o(.text)
    SyncData                                 0x000001ed   Thumb Code   154  sensor.o(.text)
    Reset_Handler                            0x000002b9   Thumb Code     4  startup_lpc11xx.o(.text)
    NMI_Handler                              0x000002bd   Thumb Code     2  startup_lpc11xx.o(.text)
    HardFault_Handler                        0x000002bf   Thumb Code     2  startup_lpc11xx.o(.text)
    MemManage_Handler                        0x000002c1   Thumb Code     2  startup_lpc11xx.o(.text)
    BusFault_Handler                         0x000002c3   Thumb Code     2  startup_lpc11xx.o(.text)
    UsageFault_Handler                       0x000002c5   Thumb Code     2  startup_lpc11xx.o(.text)
    SVC_Handler                              0x000002c7   Thumb Code     2  startup_lpc11xx.o(.text)
    DebugMon_Handler                         0x000002c9   Thumb Code     2  startup_lpc11xx.o(.text)
    PendSV_Handler                           0x000002cb   Thumb Code     2  startup_lpc11xx.o(.text)
    SysTick_Handler                          0x000002cd   Thumb Code     2  startup_lpc11xx.o(.text)
    ADC_IRQHandler                           0x000002cf   Thumb Code     0  startup_lpc11xx.o(.text)
    BOD_IRQHandler                           0x000002cf   Thumb Code     0  startup_lpc11xx.o(.text)
    CAN_IRQHandler                           0x000002cf   Thumb Code     0  startup_lpc11xx.o(.text)
    FMC_IRQHandler                           0x000002cf   Thumb Code     0  startup_lpc11xx.o(.text)
    USB_FIQHandler                           0x000002cf   Thumb Code     0  startup_lpc11xx.o(.text)
    USB_IRQHandler                           0x000002cf   Thumb Code     0  startup_lpc11xx.o(.text)
    WAKEUP_IRQHandler                        0x000002cf   Thumb Code     0  startup_lpc11xx.o(.text)
    WDT_IRQHandler                           0x000002cf   Thumb Code     0  startup_lpc11xx.o(.text)
    __aeabi_idiv                             0x000002d5   Thumb Code     0  idiv.o(.text)
    __aeabi_idivmod                          0x000002d5   Thumb Code    40  idiv.o(.text)
    sure                                     0x0000036f   Thumb Code    30  main.o(.text)
    Logo                                     0x0000038d   Thumb Code   344  main.o(.text)
    InitSys                                  0x000004e5   Thumb Code    56  main.o(.text)
    main                                     0x0000051d   Thumb Code    56  main.o(.text)
    InitAllDevice                            0x00000571   Thumb Code    62  device.o(.text)
    FanCtrl                                  0x000005af   Thumb Code   108  device.o(.text)
    BeepCtrl                                 0x0000061b   Thumb Code    72  device.o(.text)
    LedCtrl                                  0x00000663   Thumb Code    60  device.o(.text)
    SegCtrl                                  0x0000069f   Thumb Code    72  device.o(.text)
    ScanBeep                                 0x000006e7   Thumb Code    80  device.o(.text)
    ZigbeeRecv                               0x00000741   Thumb Code   148  zigbee.o(.text)
    ZigbeeSend                               0x000007d5   Thumb Code    28  zigbee.o(.text)
    InitZigbee                               0x000007f1   Thumb Code    40  zigbee.o(.text)
    DealA8Cmd                                0x00000825   Thumb Code    30  control.o(.text)
    SendEnvMsg                               0x00000843   Thumb Code    50  control.o(.text)
    SendStoMsg                               0x00000875   Thumb Code    90  control.o(.text)
    RefreshEnvDisp                           0x000008cf   Thumb Code  1726  control.o(.text)
    RefreshStoDisp                           0x00000f8d   Thumb Code   432  control.o(.text)
    Control                                  0x0000113d   Thumb Code   672  control.o(.text)
    InitEnvDisp                              0x000013dd   Thumb Code    70  control.o(.text)
    InitStoDisp                              0x00001423   Thumb Code    34  control.o(.text)
    InitControl                              0x00001445   Thumb Code    40  control.o(.text)
    InitDelay                                0x000014ad   Thumb Code    34  tools.o(.text)
    Delay_us                                 0x000014cf   Thumb Code    68  tools.o(.text)
    Delay_ms                                 0x00001513   Thumb Code    68  tools.o(.text)
    InitTimeFlag                             0x00001565   Thumb Code    38  timeflag.o(.text)
    ScanTimeCnt                              0x0000158b   Thumb Code    56  timeflag.o(.text)
    ScanTimeFlag                             0x000015c3   Thumb Code    76  timeflag.o(.text)
    PIOINT0_IRQHandler                       0x00001629   Thumb Code    46  lpc11c14_it.o(.text)
    PIOINT1_IRQHandler                       0x00001657   Thumb Code    84  lpc11c14_it.o(.text)
    PIOINT2_IRQHandler                       0x000016ab   Thumb Code    34  lpc11c14_it.o(.text)
    PIOINT3_IRQHandler                       0x000016cd   Thumb Code    40  lpc11c14_it.o(.text)
    InitLed                                  0x00001793   Thumb Code    44  led_spk_fan.o(.text)
    InitFan                                  0x000017bf   Thumb Code    48  led_spk_fan.o(.text)
    ScanFanPwm                               0x000017ef   Thumb Code    64  led_spk_fan.o(.text)
    FanSpeed                                 0x0000182f   Thumb Code    92  led_spk_fan.o(.text)
    InitSpeaker                              0x0000188b   Thumb Code    72  led_spk_fan.o(.text)
    ScanbzzerPwm                             0x000018d3   Thumb Code    64  led_spk_fan.o(.text)
    Speaker                                  0x00001913   Thumb Code    48  led_spk_fan.o(.text)
    Led1Show                                 0x00001943   Thumb Code    32  led_spk_fan.o(.text)
    InitKey                                  0x00001981   Thumb Code    70  key.o(.text)
    ScanKey                                  0x000019c7   Thumb Code   426  key.o(.text)
    Seg7Led_Init                             0x00001b7d   Thumb Code    54  seg7led.o(.text)
    Seg7Led_Put                              0x00001bb3   Thumb Code    86  seg7led.o(.text)
    uDelay                                   0x00001c0d   Thumb Code    14  oled2864.o(.text)
    Delay                                    0x00001c1b   Thumb Code    48  oled2864.o(.text)
    Write_Command                            0x00001c4b   Thumb Code    54  oled2864.o(.text)
    Write_Data                               0x00001c81   Thumb Code    54  oled2864.o(.text)
    Set_Start_Column                         0x00001cb7   Thumb Code    44  oled2864.o(.text)
    Set_Addressing_Mode                      0x00001ce3   Thumb Code    18  oled2864.o(.text)
    Set_Column_Address                       0x00001cf5   Thumb Code    26  oled2864.o(.text)
    Set_Page_Address                         0x00001d0f   Thumb Code    26  oled2864.o(.text)
    Set_Start_Line                           0x00001d29   Thumb Code    18  oled2864.o(.text)
    Set_Contrast_Control                     0x00001d3b   Thumb Code    18  oled2864.o(.text)
    Set_Charge_Pump                          0x00001d4d   Thumb Code    24  oled2864.o(.text)
    Set_Segment_Remap                        0x00001d65   Thumb Code    18  oled2864.o(.text)
    Set_Entire_Display                       0x00001d77   Thumb Code    18  oled2864.o(.text)
    Set_Inverse_Display                      0x00001d89   Thumb Code    18  oled2864.o(.text)
    Set_Multiplex_Ratio                      0x00001d9b   Thumb Code    18  oled2864.o(.text)
    Set_Display_On_Off                       0x00001dad   Thumb Code    18  oled2864.o(.text)
    Set_Start_Page                           0x00001dbf   Thumb Code    18  oled2864.o(.text)
    Set_Common_Remap                         0x00001dd1   Thumb Code    18  oled2864.o(.text)
    Set_Display_Offset                       0x00001de3   Thumb Code    18  oled2864.o(.text)
    Set_Display_Clock                        0x00001df5   Thumb Code    18  oled2864.o(.text)
    Set_Precharge_Period                     0x00001e07   Thumb Code    18  oled2864.o(.text)
    Set_Common_Config                        0x00001e19   Thumb Code    24  oled2864.o(.text)
    Set_VCOMH                                0x00001e31   Thumb Code    18  oled2864.o(.text)
    Set_NOP                                  0x00001e43   Thumb Code    10  oled2864.o(.text)
    Fill_RAM                                 0x00001e4d   Thumb Code    48  oled2864.o(.text)
    show                                     0x00001e7d   Thumb Code    52  oled2864.o(.text)
    OLED_ClearScreen                         0x00001eb1   Thumb Code    10  oled2864.o(.text)
    Fill_Block                               0x00001ebb   Thumb Code    68  oled2864.o(.text)
    Checkerboard                             0x00001eff   Thumb Code    52  oled2864.o(.text)
    Frame                                    0x00001f33   Thumb Code   108  oled2864.o(.text)
    Show_Font57                              0x00001f9f   Thumb Code    84  oled2864.o(.text)
    Show_String                              0x00001ff3   Thumb Code    60  oled2864.o(.text)
    Show_Pattern                             0x0000202f   Thumb Code    78  oled2864.o(.text)
    OLED_DisChar                             0x0000207d   Thumb Code   120  oled2864.o(.text)
    OLED_DisStrLine                          0x000020f5   Thumb Code    66  oled2864.o(.text)
    Vertical_Scroll                          0x00002137   Thumb Code   124  oled2864.o(.text)
    Horizontal_Scroll                        0x000021b3   Thumb Code    64  oled2864.o(.text)
    Continuous_Scroll                        0x000021f3   Thumb Code    86  oled2864.o(.text)
    Deactivate_Scroll                        0x00002249   Thumb Code    10  oled2864.o(.text)
    Fade_In                                  0x00002253   Thumb Code    44  oled2864.o(.text)
    Fade_Out                                 0x0000227f   Thumb Code    46  oled2864.o(.text)
    Sleep                                    0x000022ad   Thumb Code    46  oled2864.o(.text)
    Test                                     0x000022db   Thumb Code    34  oled2864.o(.text)
    OLED_Init_E                              0x000022fd   Thumb Code   106  oled2864.o(.text)
    OLED_Init_I                              0x00002367   Thumb Code   128  oled2864.o(.text)
    OLED_Test                                0x000023e7   Thumb Code   366  oled2864.o(.text)
    InitOled                                 0x00002555   Thumb Code    28  oled2864.o(.text)
    DHT11_Check                              0x00002581   Thumb Code    88  temp_hum.o(.text)
    DHT11_Read_Bit                           0x000025d9   Thumb Code    94  temp_hum.o(.text)
    DHT11_Read_Byte                          0x00002637   Thumb Code    30  temp_hum.o(.text)
    ReadDHT11                                0x00002655   Thumb Code    96  temp_hum.o(.text)
    TimeScanDHT11                            0x000026b5   Thumb Code   130  temp_hum.o(.text)
    InitDHT11                                0x00002737   Thumb Code    42  temp_hum.o(.text)
    light_init                               0x000027b1   Thumb Code     2  light.o(.text)
    light_enable                             0x000027b3   Thumb Code    38  light.o(.text)
    light_read                               0x000027d9   Thumb Code    86  light.o(.text)
    light_setMode                            0x0000282f   Thumb Code    44  light.o(.text)
    light_setWidth                           0x0000285b   Thumb Code    98  light.o(.text)
    light_setRange                           0x000028bd   Thumb Code    96  light.o(.text)
    light_setHiThreshold                     0x0000291d   Thumb Code    50  light.o(.text)
    light_setLoThreshold                     0x0000294f   Thumb Code    50  light.o(.text)
    light_setIrqInCycles                     0x00002981   Thumb Code    44  light.o(.text)
    light_getIrqStatus                       0x000029ad   Thumb Code    16  light.o(.text)
    light_clearIrqStatus                     0x000029bd   Thumb Code    36  light.o(.text)
    light_shutdown                           0x000029e1   Thumb Code    62  light.o(.text)
    ScanLight                                0x00002a1f   Thumb Code    42  light.o(.text)
    InitLight                                0x00002a49   Thumb Code    40  light.o(.text)
    acc_init                                 0x00002aed   Thumb Code    10  acc.o(.text)
    acc_read                                 0x00002af7   Thumb Code   118  acc.o(.text)
    acc_setRange                             0x00002b6d   Thumb Code    34  acc.o(.text)
    acc_setMode                              0x00002b8f   Thumb Code    30  acc.o(.text)
    DealAxis3                                0x00002bad   Thumb Code   844  acc.o(.text)
    ScanAxis3                                0x00002ef9   Thumb Code   228  acc.o(.text)
    InitAxis3                                0x00002fdd   Thumb Code    46  acc.o(.text)
    RFID_CheckSum                            0x00003015   Thumb Code    32  rfid.o(.text)
    RFID_Operate                             0x00003099   Thumb Code   254  rfid.o(.text)
    ScanRfid                                 0x00003197   Thumb Code    76  rfid.o(.text)
    InitRfid                                 0x000031e3   Thumb Code    30  rfid.o(.text)
    SPI752_RegRead                           0x00003211   Thumb Code    58  spi_uart.o(.text)
    ZigBee_IRQ_Process                       0x0000324b   Thumb Code   136  spi_uart.o(.text)
    SPI752_RegWrite                          0x000032d3   Thumb Code    52  spi_uart.o(.text)
    SPI752_Init                              0x00003307   Thumb Code   216  spi_uart.o(.text)
    SPI752_PutChar                           0x000033df   Thumb Code    34  spi_uart.o(.text)
    RS485_PutChar                            0x00003401   Thumb Code    14  spi_uart.o(.text)
    RS485_PutString                          0x0000340f   Thumb Code    24  spi_uart.o(.text)
    ZigBee_PutChar                           0x00003427   Thumb Code    14  spi_uart.o(.text)
    ZigBee_PutString                         0x00003435   Thumb Code    24  spi_uart.o(.text)
    SPI752_GetChar                           0x0000344d   Thumb Code   102  spi_uart.o(.text)
    RS485_GetChar                            0x000034b3   Thumb Code    14  spi_uart.o(.text)
    ZigBee_GetChar                           0x000034c1   Thumb Code    14  spi_uart.o(.text)
    ScanMyAdc                                0x000034e9   Thumb Code   106  myadc.o(.text)
    InitMyAdc                                0x00003553   Thumb Code    24  myadc.o(.text)
    Main_PLL_Setup                           0x00003589   Thumb Code   140  system_lpc11xx.o(.text)
    SystemInit                               0x00003615   Thumb Code    60  system_lpc11xx.o(.text)
    GPIOInit                                 0x00003669   Thumb Code    40  gpio.o(.text)
    GPIOSetInterrupt                         0x00003691   Thumb Code   446  gpio.o(.text)
    GPIOIntEnable                            0x0000384f   Thumb Code    88  gpio.o(.text)
    GPIOIntDisable                           0x000038a7   Thumb Code    88  gpio.o(.text)
    GPIOIntStatus                            0x000038ff   Thumb Code    94  gpio.o(.text)
    GPIOIntClear                             0x0000395d   Thumb Code    88  gpio.o(.text)
    GPIOSetValue                             0x000039b5   Thumb Code    22  gpio.o(.text)
    GPIOGetValue                             0x000039cb   Thumb Code    18  gpio.o(.text)
    GPIOSetDir                               0x000039dd   Thumb Code    78  gpio.o(.text)
    delay32Ms                                0x00003a55   Thumb Code   122  timer32.o(.text)
    enable_timer32                           0x00003acf   Thumb Code    20  timer32.o(.text)
    disable_timer32                          0x00003ae3   Thumb Code    20  timer32.o(.text)
    TIMER32_0_IRQHandler                     0x00003af7   Thumb Code    56  timer32.o(.text)
    TIMER32_1_IRQHandler                     0x00003b2f   Thumb Code    40  timer32.o(.text)
    reset_timer32                            0x00003b57   Thumb Code    34  timer32.o(.text)
    init_timer32                             0x00003b79   Thumb Code   180  timer32.o(.text)
    init_timer32_a1                          0x00003c2d   Thumb Code    88  timer32.o(.text)
    init_timer32PWM                          0x00003c85   Thumb Code   390  timer32.o(.text)
    setMatch_timer32PWM                      0x00003e0b   Thumb Code   144  timer32.o(.text)
    SSP0_IRQHandler                          0x00003eb1   Thumb Code    66  ssp.o(.text)
    SSP1_IRQHandler                          0x00003ef3   Thumb Code    66  ssp.o(.text)
    SSP_IOConfig                             0x00003f35   Thumb Code   324  ssp.o(.text)
    SPI_IOConfig                             0x00004079   Thumb Code   392  ssp.o(.text)
    SSP_Init                                 0x00004201   Thumb Code   102  ssp.o(.text)
    SPI_Init                                 0x00004267   Thumb Code   168  ssp.o(.text)
    SSP_Send                                 0x0000430f   Thumb Code   106  ssp.o(.text)
    SSP_Receive                              0x00004379   Thumb Code    76  ssp.o(.text)
    SPI_PutGet                               0x000043c5   Thumb Code   110  ssp.o(.text)
    I2C_IRQHandler                           0x0000444d   Thumb Code   394  i2c.o(.text)
    I2CStart                                 0x000045d7   Thumb Code    42  i2c.o(.text)
    I2CStop                                  0x00004601   Thumb Code    28  i2c.o(.text)
    I2CInit                                  0x0000461d   Thumb Code   122  i2c.o(.text)
    I2CEngine                                0x00004697   Thumb Code    56  i2c.o(.text)
    I2CRead                                  0x000046cf   Thumb Code    46  i2c.o(.text)
    I2CWrite                                 0x000046fd   Thumb Code    40  i2c.o(.text)
    ADCInit_NXP                              0x00004755   Thumb Code   150  adc.o(.text)
    ADCInit                                  0x000047eb   Thumb Code   126  adc.o(.text)
    ADCRead                                  0x00004869   Thumb Code    98  adc.o(.text)
    ADCBurstRead                             0x000048cb   Thumb Code    50  adc.o(.text)
    delayMs                                  0x00004919   Thumb Code   122  timer16.o(.text)
    TIMER16_0_IRQHandler                     0x00004993   Thumb Code    60  timer16.o(.text)
    TIMER16_1_IRQHandler                     0x000049cf   Thumb Code    60  timer16.o(.text)
    enable_timer16                           0x00004a0b   Thumb Code    20  timer16.o(.text)
    disable_timer16                          0x00004a1f   Thumb Code    20  timer16.o(.text)
    reset_timer16                            0x00004a33   Thumb Code    34  timer16.o(.text)
    init_timer16                             0x00004a55   Thumb Code   180  timer16.o(.text)
    init_timer16PWM                          0x00004b09   Thumb Code   400  timer16.o(.text)
    setMatch_timer16PWM                      0x00004c99   Thumb Code    98  timer16.o(.text)
    UART_IRQHandler                          0x00004d3d   Thumb Code   180  uart.o(.text)
    UARTInit                                 0x00004df1   Thumb Code   202  uart.o(.text)
    UARTSend                                 0x00004ebb   Thumb Code    30  uart.o(.text)
    UART0_PutChar                            0x00004ed9   Thumb Code    18  uart.o(.text)
    UART0_PutString                          0x00004eeb   Thumb Code    22  uart.o(.text)
    UART0_printf                             0x00004f01   Thumb Code    36  uart.o(.text)
    UART0_GetChar                            0x00004f25   Thumb Code    54  uart.o(.text)
    __aeabi_uidiv                            0x00004f85   Thumb Code     0  uidiv.o(.text)
    __aeabi_uidivmod                         0x00004f85   Thumb Code    44  uidiv.o(.text)
    rand                                     0x00004fb1   Thumb Code    18  rand.o(.text)
    srand                                    0x00004fc3   Thumb Code     6  rand.o(.text)
    __aeabi_memcpy                           0x00004fd5   Thumb Code    36  memcpya.o(.text)
    __aeabi_memcpy4                          0x00004fd5   Thumb Code     0  memcpya.o(.text)
    __aeabi_memcpy8                          0x00004fd5   Thumb Code     0  memcpya.o(.text)
    __aeabi_memset                           0x00004ff9   Thumb Code    14  memseta.o(.text)
    __aeabi_memset4                          0x00004ff9   Thumb Code     0  memseta.o(.text)
    __aeabi_memset8                          0x00004ff9   Thumb Code     0  memseta.o(.text)
    __aeabi_memclr                           0x00005007   Thumb Code     4  memseta.o(.text)
    __aeabi_memclr4                          0x00005007   Thumb Code     0  memseta.o(.text)
    __aeabi_memclr8                          0x00005007   Thumb Code     0  memseta.o(.text)
    _memset$wrapper                          0x0000500b   Thumb Code    20  memseta.o(.text)
    strlen                                   0x0000501f   Thumb Code    16  strlen.o(.text)
    __aeabi_fmul                             0x0000502f   Thumb Code   122  fmul.o(.text)
    __aeabi_fdiv                             0x000050a9   Thumb Code   128  fdiv.o(.text)
    __aeabi_dmul                             0x00005129   Thumb Code   198  dmul.o(.text)
    __aeabi_ddiv                             0x000051f5   Thumb Code   234  ddiv.o(.text)
    __aeabi_i2f                              0x000052e5   Thumb Code    22  fflti.o(.text)
    __aeabi_ui2d                             0x000052fd   Thumb Code    24  dfltui.o(.text)
    __aeabi_d2uiz                            0x00005319   Thumb Code    50  dfixui.o(.text)
    __aeabi_f2d                              0x00005351   Thumb Code    46  f2d.o(.text)
    __aeabi_d2f                              0x0000537f   Thumb Code    56  d2f.o(.text)
    __aeabi_cfrcmple                         0x000053b9   Thumb Code    20  cfrcmple.o(.text)
    __aeabi_uldivmod                         0x000053cd   Thumb Code    96  uldiv.o(.text)
    __aeabi_llsr                             0x0000542d   Thumb Code    34  llushr.o(.text)
    _ll_ushift_r                             0x0000542d   Thumb Code     0  llushr.o(.text)
    __I$use$fp                               0x0000544f   Thumb Code     0  iusefp.o(.text)
    _float_round                             0x0000544f   Thumb Code    16  fepilogue.o(.text)
    _float_epilogue                          0x0000545f   Thumb Code   116  fepilogue.o(.text)
    _double_round                            0x000054d3   Thumb Code    26  depilogue.o(.text)
    _double_epilogue                         0x000054ed   Thumb Code   170  depilogue.o(.text)
    __aeabi_dadd                             0x00005599   Thumb Code   326  dadd.o(.text)
    __aeabi_dsub                             0x000056df   Thumb Code    12  dadd.o(.text)
    __aeabi_drsub                            0x000056eb   Thumb Code    12  dadd.o(.text)
    __ARM_scalbn                             0x000056fd   Thumb Code    44  dscalb.o(.text)
    scalbn                                   0x000056fd   Thumb Code     0  dscalb.o(.text)
    __aeabi_d2ulz                            0x00005729   Thumb Code    54  dfixul.o(.text)
    __aeabi_cdrcmple                         0x00005769   Thumb Code    38  cdrcmple.o(.text)
    __scatterload                            0x00005791   Thumb Code    28  init.o(.text)
    __scatterload_rt2                        0x00005791   Thumb Code     0  init.o(.text)
    __aeabi_llsl                             0x000057b5   Thumb Code    32  llshl.o(.text)
    _ll_shift_l                              0x000057b5   Thumb Code     0  llshl.o(.text)
    __aeabi_lasr                             0x000057d5   Thumb Code    38  llsshr.o(.text)
    _ll_sshift_r                             0x000057d5   Thumb Code     0  llsshr.o(.text)
    __I$use$semihosting$fputc                0x000057fb   Thumb Code     0  iusesemip.o(.text)
    _dsqrt                                   0x000057fb   Thumb Code   160  dsqrt.o(.text)
    __decompress                             0x0000589b   Thumb Code     0  __dczerorl2.o(.text)
    __decompress1                            0x0000589b   Thumb Code    86  __dczerorl2.o(.text)
    __0printf                                0x000058f1   Thumb Code    24  printfa.o(i.__0printf)
    __1printf                                0x000058f1   Thumb Code     0  printfa.o(i.__0printf)
    __2printf                                0x000058f1   Thumb Code     0  printfa.o(i.__0printf)
    __c89printf                              0x000058f1   Thumb Code     0  printfa.o(i.__0printf)
    printf                                   0x000058f1   Thumb Code     0  printfa.o(i.__0printf)
    __0snprintf                              0x00005911   Thumb Code    38  printfa.o(i.__0snprintf)
    __1snprintf                              0x00005911   Thumb Code     0  printfa.o(i.__0snprintf)
    __2snprintf                              0x00005911   Thumb Code     0  printfa.o(i.__0snprintf)
    __c89snprintf                            0x00005911   Thumb Code     0  printfa.o(i.__0snprintf)
    snprintf                                 0x00005911   Thumb Code     0  printfa.o(i.__0snprintf)
    __0vsnprintf                             0x0000593d   Thumb Code    32  printfa.o(i.__0vsnprintf)
    __1vsnprintf                             0x0000593d   Thumb Code     0  printfa.o(i.__0vsnprintf)
    __2vsnprintf                             0x0000593d   Thumb Code     0  printfa.o(i.__0vsnprintf)
    __c89vsnprintf                           0x0000593d   Thumb Code     0  printfa.o(i.__0vsnprintf)
    vsnprintf                                0x0000593d   Thumb Code     0  printfa.o(i.__0vsnprintf)
    __ARM_clz                                0x00005961   Thumb Code    46  depilogue.o(i.__ARM_clz)
    __ARM_common_switch8                     0x0000598f   Thumb Code    26  i2c.o(i.__ARM_common_switch8)
    __ARM_fpclassify                         0x000059a9   Thumb Code    38  fpclassify.o(i.__ARM_fpclassify)
    __kernel_poly                            0x000059d5   Thumb Code   172  poly.o(i.__kernel_poly)
    __mathlib_dbl_underflow                  0x00005a81   Thumb Code    14  dunder.o(i.__mathlib_dbl_underflow)
    __scatterload_copy                       0x00005a95   Thumb Code    14  handlers.o(i.__scatterload_copy)
    __scatterload_null                       0x00005aa3   Thumb Code     2  handlers.o(i.__scatterload_null)
    __scatterload_zeroinit                   0x00005aa5   Thumb Code    14  handlers.o(i.__scatterload_zeroinit)
    __set_errno                              0x00005ab5   Thumb Code     6  errno.o(i.__set_errno)
    asin                                     0x00006375   Thumb Code   578  asin.o(i.asin)
    fputc                                    0x000065ed   Thumb Code    18  fputc.o(i.fputc)
    sqrt                                     0x00006601   Thumb Code    62  sqrt.o(i.sqrt)
    GoodsTypeBuf                             0x00006644   Data         112  control.o(.constdata)
    segcode                                  0x000066c4   Data          32  seg7led.o(.constdata)
    UniV                                     0x000066f4   Data         192  oled2864.o(.constdata)
    Ascii_1                                  0x000067b4   Data        1205  oled2864.o(.constdata)
    Ascii_2                                  0x00006c69   Data         535  oled2864.o(.constdata)
    Region$$Table$$Base                      0x00006ee0   Number         0  anon$$obj.o(Region$$Table)
    Region$$Table$$Limit                     0x00006f00   Number         0  anon$$obj.o(Region$$Table)
    A                                        0x10000000   Data         768  main.o(.data)
    B                                        0x10000300   Data         768  main.o(.data)
    TitileBuf                                0x10000600   Data          20  main.o(.data)
    DeviceStatus                             0x10000614   Data           1  device.o(.data)
    BeepRingCnt                              0x10000615   Data           1  device.o(.data)
    cmd                                      0x10000616   Data           1  zigbee.o(.data)
    CmdBuf                                   0x10000617   Data           1  zigbee.o(.data)
    ZigbeeRecvOverFlag                       0x10000618   Data           1  zigbee.o(.data)
    Titile                                   0x1000061c   Data           4  control.o(.data)
    EnvTableBuf                              0x10000620   Data          20  control.o(.data)
    StoTableBuf                              0x10000634   Data          20  control.o(.data)
    EnvMenuBuf                               0x10000648   Data         240  control.o(.data)
    StoMenuBuf                               0x10000738   Data          40  control.o(.data)
    Goods                                    0x10000762   Data           8  control.o(.data)
    CleanScreenFlag                          0x1000076a   Data           1  control.o(.data)
    GoodsTypeIndex                           0x1000076b   Data           1  control.o(.data)
    GoodsNumCount                            0x1000076c   Data           1  control.o(.data)
    AddOrDecOptFlag                          0x1000076d   Data           1  control.o(.data)
    To10msFlag                               0x10000772   Data           1  timeflag.o(.data)
    To100msFlag                              0x10000773   Data           1  timeflag.o(.data)
    To1SFlag                                 0x10000774   Data           1  timeflag.o(.data)
    To10msCnt                                0x10000775   Data           1  timeflag.o(.data)
    To100msCnt                               0x10000776   Data           1  timeflag.o(.data)
    To1SCnt                                  0x10000777   Data           1  timeflag.o(.data)
    gpio0_counter                            0x10000778   Data           4  lpc11c14_it.o(.data)
    p0_1_counter                             0x1000077c   Data           4  lpc11c14_it.o(.data)
    gpio1_counter                            0x10000780   Data           4  lpc11c14_it.o(.data)
    p1_1_counter                             0x10000784   Data           4  lpc11c14_it.o(.data)
    gpio2_counter                            0x10000788   Data           4  lpc11c14_it.o(.data)
    p2_8_counter                             0x1000078c   Data           4  lpc11c14_it.o(.data)
    gpio3_counter                            0x10000790   Data           4  lpc11c14_it.o(.data)
    p3_1_counter                             0x10000794   Data           4  lpc11c14_it.o(.data)
    p3_2_counter                             0x10000798   Data           4  lpc11c14_it.o(.data)
    p3_2_tc                                  0x1000079c   Data           4  lpc11c14_it.o(.data)
    FanSpeedPwm                              0x100007a4   Data           1  led_spk_fan.o(.data)
    bzzerPwm                                 0x100007a5   Data           1  led_spk_fan.o(.data)
    KeyStatus                                0x100007b2   Data           1  key.o(.data)
    temperature                              0x100007b4   Data           2  temp_hum.o(.data)
    humidity                                 0x100007b6   Data           2  temp_hum.o(.data)
    DHT11GetFinishFlag                       0x100007b8   Data           1  temp_hum.o(.data)
    Light                                    0x100007c8   Data           4  light.o(.data)
    LightGetFinishFlag                       0x100007cc   Data           1  light.o(.data)
    Axis3GetFinishFlag                       0x100007d6   Data           1  acc.o(.data)
    RfidGetFinishFlag                        0x100007d9   Data           1  rfid.o(.data)
    SPI752_rbuf_0_ip                         0x100007da   Data           2  spi_uart.o(.data)
    SPI752_rbuf_0_op                         0x100007dc   Data           2  spi_uart.o(.data)
    SPI752_rbuf_1_ip                         0x100007de   Data           2  spi_uart.o(.data)
    SPI752_rbuf_1_op                         0x100007e0   Data           2  spi_uart.o(.data)
    Adc                                      0x100007f0   Data           4  myadc.o(.data)
    Bat                                      0x100007f4   Data           4  myadc.o(.data)
    AdcGetFinishFlag                         0x100007f8   Data           1  myadc.o(.data)
    ClockSource                              0x100007fc   Data           4  system_lpc11xx.o(.data)
    SystemFrequency                          0x10000800   Data           4  system_lpc11xx.o(.data)
    SystemAHBFrequency                       0x10000804   Data           4  system_lpc11xx.o(.data)
    timer32_0_counter                        0x10000808   Data           4  timer32.o(.data)
    timer32_1_counter                        0x1000080c   Data           4  timer32.o(.data)
    timer32_0_capture                        0x10000810   Data           4  timer32.o(.data)
    timer32_1_capture                        0x10000814   Data           4  timer32.o(.data)
    timer32_0_period                         0x10000818   Data           4  timer32.o(.data)
    timer32_1_period                         0x1000081c   Data           4  timer32.o(.data)
    interruptRxStat0                         0x10000820   Data           4  ssp.o(.data)
    interruptOverRunStat0                    0x10000824   Data           4  ssp.o(.data)
    interruptRxTimeoutStat0                  0x10000828   Data           4  ssp.o(.data)
    interruptRxStat1                         0x1000082c   Data           4  ssp.o(.data)
    interruptOverRunStat1                    0x10000830   Data           4  ssp.o(.data)
    interruptRxTimeoutStat1                  0x10000834   Data           4  ssp.o(.data)
    timer16_0_counter                        0x10000864   Data           4  timer16.o(.data)
    timer16_1_counter                        0x10000868   Data           4  timer16.o(.data)
    timer16_0_capture                        0x1000086c   Data           4  timer16.o(.data)
    timer16_1_capture                        0x10000870   Data           4  timer16.o(.data)
    timer16_0_period                         0x10000874   Data           4  timer16.o(.data)
    timer16_1_period                         0x10000878   Data           4  timer16.o(.data)
    UARTTxEmpty                              0x1000087c   Data           1  uart.o(.data)
    UARTCount                                0x10000880   Data           4  uart.o(.data)
    UART_op                                  0x10000884   Data           4  uart.o(.data)
    UARTStatus                               0x10000888   Data           4  uart.o(.data)
    __stdout                                 0x10000890   Data           4  stdout.o(.data)
    Nu                                       0x10000898   Data         200  main.o(.bss)
    EnvMsg                                   0x10000960   Data          24  sensor.o(.bss)
    EnvMenu                                  0x10000978   Data         140  control.o(.bss)
    StoMenu                                  0x10000a04   Data         140  control.o(.bss)
    Axis3                                    0x10000a90   Data          36  acc.o(.bss)
    SPI752_rbuf_0                            0x10000ab4   Data         128  spi_uart.o(.bss)
    SPI752_rbuf_1                            0x10000b34   Data         128  spi_uart.o(.bss)
    ADCValue                                 0x10000bb4   Data          32  adc.o(.bss)
    UARTBuffer                               0x10000bd4   Data          64  uart.o(.bss)
    __initial_sp                             0x10000e18   Data           0  startup_lpc11xx.o(STACK)



==============================================================================

Memory Map of the image

  Image Entry point : 0x000000c1

  Load Region LR_IROM1 (Base: 0x00000000, Size: 0x00007798, Max: 0x00008000, ABSOLUTE, COMPRESSED[0x00007198])

    Execution Region ER_IROM1 (Base: 0x00000000, Size: 0x00006f00, Max: 0x00008000, ABSOLUTE)

    Base Addr    Size         Type   Attr      Idx    E Section Name        Object

    0x00000000   0x000000c0   Data   RO          425    RESET               startup_lpc11xx.o
    0x000000c0   0x00000000   Code   RO          615  * .ARM.Collect$$$$00000000  mc_p.l(entry.o)(mc_p.l)
    0x000000c0   0x00000004   Code   RO          928    .ARM.Collect$$$$00000001  mc_p.l(entry2.o)(mc_p.l)
    0x000000c4   0x00000004   Code   RO          931    .ARM.Collect$$$$00000004  mc_p.l(entry5.o)(mc_p.l)
    0x000000c8   0x00000008   Code   RO          932    .ARM.Collect$$$$00000007  mc_p.l(entry7.o)(mc_p.l)
    0x000000d0   0x00000004   Code   RO          929    .ARM.Collect$$$$00002712  mc_p.l(entry2.o)(mc_p.l)
    0x000000d4   0x000000ce   Code   RO           66    .text               menu.o
    0x000001a2   0x00000002   PAD
    0x000001a4   0x00000114   Code   RO           88    .text               sensor.o
    0x000002b8   0x0000001c   Code   RO          427    .text               startup_lpc11xx.o
    0x000002d4   0x00000028   Code   RO          620    .text               mc_p.l(idiv.o)(mc_p.l)
    0x000002fc   0x00000004   Code   RO          426    .ARM.__at_0x02FC    startup_lpc11xx.o
    0x00000300   0x00000270   Code   RO            1    .text               main.o
    0x00000570   0x000001d0   Code   RO          131    .text               device.o
    0x00000740   0x000000e4   Code   RO          163    .text               zigbee.o
    0x00000824   0x00000c88   Code   RO          185    .text               control.o
    0x000014ac   0x000000b8   Code   RO          206    .text               tools.o
    0x00001564   0x000000c4   Code   RO          220    .text               timeflag.o
    0x00001628   0x000000fc   Code   RO          235    .text               lpc11c14_it.o
    0x00001724   0x0000025c   Code   RO          252    .text               led_spk_fan.o
    0x00001980   0x000001fc   Code   RO          272    .text               key.o
    0x00001b7c   0x00000090   Code   RO          288    .text               seg7led.o
    0x00001c0c   0x00000974   Code   RO          303    .text               oled2864.o
    0x00002580   0x000001f0   Code   RO          318    .text               temp_hum.o
    0x00002770   0x00000324   Code   RO          334    .text               light.o
    0x00002a94   0x00000580   Code   RO          352    .text               acc.o
    0x00003014   0x000001fc   Code   RO          372    .text               rfid.o
    0x00003210   0x000002d8   Code   RO          388    .text               spi_uart.o
    0x000034e8   0x000000a0   Code   RO          405    .text               myadc.o
    0x00003588   0x000000e0   Code   RO          444    .text               system_lpc11xx.o
    0x00003668   0x000003ec   Code   RO          477    .text               gpio.o
    0x00003a54   0x0000045c   Code   RO          494    .text               timer32.o
    0x00003eb0   0x0000059c   Code   RO          509    .text               ssp.o
    0x0000444c   0x00000308   Code   RO          526    .text               i2c.o
    0x00004754   0x000001c4   Code   RO          545    .text               adc.o
    0x00004918   0x00000424   Code   RO          561    .text               timer16.o
    0x00004d3c   0x00000248   Code   RO          579    .text               uart.o
    0x00004f84   0x0000002c   Code   RO          618    .text               mc_p.l(uidiv.o)(mc_p.l)
    0x00004fb0   0x00000024   Code   RO          622    .text               mc_p.l(rand.o)(mc_p.l)
    0x00004fd4   0x00000024   Code   RO          625    .text               mc_p.l(memcpya.o)(mc_p.l)
    0x00004ff8   0x00000026   Code   RO          627    .text               mc_p.l(memseta.o)(mc_p.l)
    0x0000501e   0x00000010   Code   RO          629    .text               mc_p.l(strlen.o)(mc_p.l)
    0x0000502e   0x0000007a   Code   RO          894    .text               mf_p.l(fmul.o)(mf_p.l)
    0x000050a8   0x00000080   Code   RO          896    .text               mf_p.l(fdiv.o)(mf_p.l)
    0x00005128   0x000000cc   Code   RO          898    .text               mf_p.l(dmul.o)(mf_p.l)
    0x000051f4   0x000000f0   Code   RO          900    .text               mf_p.l(ddiv.o)(mf_p.l)
    0x000052e4   0x00000016   Code   RO          902    .text               mf_p.l(fflti.o)(mf_p.l)
    0x000052fa   0x00000002   PAD
    0x000052fc   0x0000001c   Code   RO          904    .text               mf_p.l(dfltui.o)(mf_p.l)
    0x00005318   0x00000038   Code   RO          906    .text               mf_p.l(dfixui.o)(mf_p.l)
    0x00005350   0x0000002e   Code   RO          908    .text               mf_p.l(f2d.o)(mf_p.l)
    0x0000537e   0x00000038   Code   RO          910    .text               mf_p.l(d2f.o)(mf_p.l)
    0x000053b6   0x00000002   PAD
    0x000053b8   0x00000014   Code   RO          912    .text               mf_p.l(cfrcmple.o)(mf_p.l)
    0x000053cc   0x00000060   Code   RO          936    .text               mc_p.l(uldiv.o)(mc_p.l)
    0x0000542c   0x00000022   Code   RO          938    .text               mc_p.l(llushr.o)(mc_p.l)
    0x0000544e   0x00000000   Code   RO          947    .text               mc_p.l(iusefp.o)(mc_p.l)
    0x0000544e   0x00000084   Code   RO          948    .text               mf_p.l(fepilogue.o)(mf_p.l)
    0x000054d2   0x000000c4   Code   RO          950    .text               mf_p.l(depilogue.o)(mf_p.l)
    0x00005596   0x00000002   PAD
    0x00005598   0x00000164   Code   RO          954    .text               mf_p.l(dadd.o)(mf_p.l)
    0x000056fc   0x0000002c   Code   RO          956    .text               mf_p.l(dscalb.o)(mf_p.l)
    0x00005728   0x00000040   Code   RO          958    .text               mf_p.l(dfixul.o)(mf_p.l)
    0x00005768   0x00000028   Code   RO          960    .text               mf_p.l(cdrcmple.o)(mf_p.l)
    0x00005790   0x00000024   Code   RO          962    .text               mc_p.l(init.o)(mc_p.l)
    0x000057b4   0x00000020   Code   RO          964    .text               mc_p.l(llshl.o)(mc_p.l)
    0x000057d4   0x00000026   Code   RO          966    .text               mc_p.l(llsshr.o)(mc_p.l)
    0x000057fa   0x00000000   Code   RO          968    .text               mc_p.l(iusesemip.o)(mc_p.l)
    0x000057fa   0x000000a0   Code   RO          969    .text               mf_p.l(dsqrt.o)(mf_p.l)
    0x0000589a   0x00000056   Code   RO          981    .text               mc_p.l(__dczerorl2.o)(mc_p.l)
    0x000058f0   0x00000020   Code   RO          866    i.__0printf         mc_p.l(printfa.o)(mc_p.l)
    0x00005910   0x0000002c   Code   RO          867    i.__0snprintf       mc_p.l(printfa.o)(mc_p.l)
    0x0000593c   0x00000024   Code   RO          871    i.__0vsnprintf      mc_p.l(printfa.o)(mc_p.l)
    0x00005960   0x0000002e   Code   RO          952    i.__ARM_clz         mf_p.l(depilogue.o)(mf_p.l)
    0x0000598e   0x0000001a   Code   RO          537    i.__ARM_common_switch8  i2c.o
    0x000059a8   0x0000002c   Code   RO          916    i.__ARM_fpclassify  m_ps.l(fpclassify.o)(m_ps.l)
    0x000059d4   0x000000ac   Code   RO          918    i.__kernel_poly     m_ps.l(poly.o)(m_ps.l)
    0x00005a80   0x00000014   Code   RO          914    i.__mathlib_dbl_underflow  m_ps.l(dunder.o)(m_ps.l)
    0x00005a94   0x0000000e   Code   RO          975    i.__scatterload_copy  mc_p.l(handlers.o)(mc_p.l)
    0x00005aa2   0x00000002   Code   RO          976    i.__scatterload_null  mc_p.l(handlers.o)(mc_p.l)
    0x00005aa4   0x0000000e   Code   RO          977    i.__scatterload_zeroinit  mc_p.l(handlers.o)(mc_p.l)
    0x00005ab2   0x00000002   PAD
    0x00005ab4   0x0000000c   Code   RO          942    i.__set_errno       mc_p.l(errno.o)(mc_p.l)
    0x00005ac0   0x00000154   Code   RO          873    i._fp_digits        mc_p.l(printfa.o)(mc_p.l)
    0x00005c14   0x00000700   Code   RO          874    i._printf_core      mc_p.l(printfa.o)(mc_p.l)
    0x00006314   0x00000020   Code   RO          875    i._printf_post_padding  mc_p.l(printfa.o)(mc_p.l)
    0x00006334   0x0000002a   Code   RO          876    i._printf_pre_padding  mc_p.l(printfa.o)(mc_p.l)
    0x0000635e   0x00000016   Code   RO          877    i._snputc           mc_p.l(printfa.o)(mc_p.l)
    0x00006374   0x00000278   Code   RO          606    i.asin              m_ps.l(asin.o)(m_ps.l)
    0x000065ec   0x00000012   Code   RO          933    i.fputc             mc_p.l(fputc.o)(mc_p.l)
    0x000065fe   0x00000002   PAD
    0x00006600   0x00000044   Code   RO          921    i.sqrt              m_ps.l(sqrt.o)(m_ps.l)
    0x00006644   0x00000070   Data   RO          187    .constdata          control.o
    0x000066b4   0x00000030   Data   RO          289    .constdata          seg7led.o
    0x000066e4   0x0000079c   Data   RO          304    .constdata          oled2864.o
    0x00006e80   0x00000010   Data   RO          478    .constdata          gpio.o
    0x00006e90   0x00000050   Data   RO          607    .constdata          m_ps.l(asin.o)(m_ps.l)
    0x00006ee0   0x00000020   Data   RO          973    Region$$Table       anon$$obj.o


    Execution Region RW_IRAM1 (Base: 0x10000000, Size: 0x00000e18, Max: 0x00002000, ABSOLUTE, COMPRESSED[0x00000298])

    Base Addr    Size         Type   Attr      Idx    E Section Name        Object

    0x10000000   0x00000614   Data   RW            4    .data               main.o
    0x10000614   0x00000002   Data   RW          133    .data               device.o
    0x10000616   0x00000003   Data   RW          165    .data               zigbee.o
    0x10000619   0x00000003   PAD
    0x1000061c   0x00000152   Data   RW          188    .data               control.o
    0x1000076e   0x00000004   Data   RW          207    .data               tools.o
    0x10000772   0x00000006   Data   RW          221    .data               timeflag.o
    0x10000778   0x00000028   Data   RW          237    .data               lpc11c14_it.o
    0x100007a0   0x00000006   Data   RW          254    .data               led_spk_fan.o
    0x100007a6   0x0000000d   Data   RW          274    .data               key.o
    0x100007b3   0x00000006   Data   RW          320    .data               temp_hum.o
    0x100007b9   0x00000003   PAD
    0x100007bc   0x00000011   Data   RW          335    .data               light.o
    0x100007cd   0x00000001   PAD
    0x100007ce   0x00000009   Data   RW          354    .data               acc.o
    0x100007d7   0x00000003   Data   RW          374    .data               rfid.o
    0x100007da   0x00000008   Data   RW          391    .data               spi_uart.o
    0x100007e2   0x00000002   PAD
    0x100007e4   0x00000015   Data   RW          406    .data               myadc.o
    0x100007f9   0x00000003   PAD
    0x100007fc   0x0000000c   Data   RW          445    .data               system_lpc11xx.o
    0x10000808   0x00000018   Data   RW          495    .data               timer32.o
    0x10000820   0x00000018   Data   RW          512    .data               ssp.o
    0x10000838   0x00000029   Data   RW          527    .data               i2c.o
    0x10000861   0x00000003   PAD
    0x10000864   0x00000018   Data   RW          562    .data               timer16.o
    0x1000087c   0x00000010   Data   RW          581    .data               uart.o
    0x1000088c   0x00000004   Data   RW          623    .data               mc_p.l(rand.o)(mc_p.l)
    0x10000890   0x00000004   Data   RW          935    .data               mc_p.l(stdout.o)(mc_p.l)
    0x10000894   0x00000004   Data   RW          943    .data               mc_p.l(errno.o)(mc_p.l)
    0x10000898   0x000000c8   Zero   RW            2    .bss                main.o
    0x10000960   0x00000018   Zero   RW           89    .bss                sensor.o
    0x10000978   0x00000118   Zero   RW          186    .bss                control.o
    0x10000a90   0x00000024   Zero   RW          353    .bss                acc.o
    0x10000ab4   0x00000100   Zero   RW          389    .bss                spi_uart.o
    0x10000bb4   0x00000020   Zero   RW          546    .bss                adc.o
    0x10000bd4   0x00000040   Zero   RW          580    .bss                uart.o
    0x10000c14   0x00000004   PAD
    0x10000c18   0x00000200   Zero   RW          423    STACK               startup_lpc11xx.o


==============================================================================

Image component sizes


      Code (inc. data)   RO Data    RW Data    ZI Data      Debug   Object Name

      1408         72          0          9         36          0   acc.o
       452         28          0          0         32          0   adc.o
      3208        192        112        338        280          0   control.o
       464         10          0          2          0          0   device.o
      1004         28         16          0          0          0   gpio.o
       802         62          0         41          0          0   i2c.o
       508         12          0         13          0          0   key.o
       604         30          0          6          0          0   led_spk_fan.o
       804         36          0         17          0          0   light.o
       252         48          0         40          0          0   lpc11c14_it.o
       624         28          0       1556        200          0   main.o
       206          0          0          0          0          0   menu.o
       160         30          0         21          0          0   myadc.o
      2420         26       1948          0          0          0   oled2864.o
       508         16          0          3          0          0   rfid.o
       144          4         48          0          0          0   seg7led.o
       276         50          0          0         24          0   sensor.o
       728         26          0          8        256          0   spi_uart.o
      1436         56          0         24          0          0   ssp.o
        32          8        192          0        512          0   startup_lpc11xx.o
       224         24          0         12          0          0   system_lpc11xx.o
       496         16          0          6          0          0   temp_hum.o
       196         26          0          6          0          0   timeflag.o
      1060         52          0         24          0          0   timer16.o
      1116         54          0         24          0          0   timer32.o
       184         14          0          4          0          0   tools.o
       584         42          0         16         64          0   uart.o
       228         12          0          3          0          0   zigbee.o

    ----------------------------------------------------------------------
     20130       1002       2348       2188       1408          0   Object Totals
         0          0         32          0          0          0   (incl. Generated)
         2          0          0         15          4          3   (incl. Padding)

    ----------------------------------------------------------------------

      Code (inc. data)   RO Data    RW Data    ZI Data      Debug   Library Member Name

       632         54         80          0          0          0   asin.o
        20          6          0          0          0          0   dunder.o
        44          6          0          0          0          0   fpclassify.o
       172          0          0          0          0          0   poly.o
        68          6          0          0          0          0   sqrt.o
        86          0          0          0          0          0   __dczerorl2.o
         0          0          0          0          0          0   entry.o
         8          4          0          0          0          0   entry2.o
         4          0          0          0          0          0   entry5.o
         8          4          0          0          0          0   entry7.o
        12          6          0          4          0          0   errno.o
        18          0          0          0          0          0   fputc.o
        30          0          0          0          0          0   handlers.o
        40          0          0          0          0          0   idiv.o
        36          8          0          0          0          0   init.o
         0          0          0          0          0          0   iusefp.o
         0          0          0          0          0          0   iusesemip.o
        32          0          0          0          0          0   llshl.o
        38          0          0          0          0          0   llsshr.o
        34          0          0          0          0          0   llushr.o
        36          0          0          0          0          0   memcpya.o
        38          0          0          0          0          0   memseta.o
      2340        108          0          0          0          0   printfa.o
        36         12          0          4          0          0   rand.o
         0          0          0          4          0          0   stdout.o
        16          0          0          0          0          0   strlen.o
        44          0          0          0          0          0   uidiv.o
        96          0          0          0          0          0   uldiv.o
        40          2          0          0          0          0   cdrcmple.o
        20          0          0          0          0          0   cfrcmple.o
        56          0          0          0          0          0   d2f.o
       356          6          0          0          0          0   dadd.o
       240          6          0          0          0          0   ddiv.o
       242          0          0          0          0          0   depilogue.o
        56          6          0          0          0          0   dfixui.o
        64         10          0          0          0          0   dfixul.o
        28          4          0          0          0          0   dfltui.o
       204          6          0          0          0          0   dmul.o
        44          0          0          0          0          0   dscalb.o
       160          0          0          0          0          0   dsqrt.o
        46          0          0          0          0          0   f2d.o
       128          0          0          0          0          0   fdiv.o
       132          0          0          0          0          0   fepilogue.o
        22          0          0          0          0          0   fflti.o
       122          0          0          0          0          0   fmul.o

    ----------------------------------------------------------------------
      5858        254         80         12          0          0   Library Totals
        10          0          0          0          0          0   (incl. Padding)

    ----------------------------------------------------------------------

      Code (inc. data)   RO Data    RW Data    ZI Data      Debug   Library Name

       936         72         80          0          0        384   m_ps.l
      2952        142          0         12          0       1600   mc_p.l
      1960         40          0          0          0       1504   mf_p.l

    ----------------------------------------------------------------------
      5858        254         80         12          0          0   Library Totals

    ----------------------------------------------------------------------

==============================================================================


      Code (inc. data)   RO Data    RW Data    ZI Data      Debug   

     25988       1256       2428       2200       1408     121996   Grand Totals
     25988       1256       2428        664       1408     121996   ELF Image Totals (compressed)
     25988       1256       2428        664          0          0   ROM Totals

==============================================================================

    Total RO  Size (Code + RO Data)                28416 (  27.75kB)
    Total RW  Size (RW Data + ZI Data)              3608 (   3.52kB)
    Total ROM Size (Code + RO Data + RW Data)      29080 (  28.40kB)

==============================================================================

